// Jest Snapshot v1, https://goo.gl/fbAQLP

exports[`card should match its snapshot 1`] = `
ShallowWrapper {
  "length": 1,
  Symbol(enzyme.__root__): [Circular],
  Symbol(enzyme.__unrendered__): <Card
    amount={43}
    date="5/26/17 0:00"
    firstName="Tommy"
    id={42}
    lastName="Pickles"
    occupation="Director"
    recordId={6578998}
/>,
  Symbol(enzyme.__renderer__): Object {
    "batchedUpdates": [Function],
    "getNode": [Function],
    "render": [Function],
    "simulateEvent": [Function],
    "unmount": [Function],
  },
  Symbol(enzyme.__node__): Object {
    "instance": null,
    "key": undefined,
    "nodeType": "host",
    "props": Object {
      "children": Array [
        <div
          className="donation-side"
>
          <div
                    className="donor-row"
          >
                    <div
                              className="card-row-small-text"
                    >
                              DONOR
                               
                    </div>
                    <div
                              className="card-row-medium-text"
                    >
                              Tommy
                               
                              Pickles
                    </div>
          </div>
          <div
                    className="donation-money-row"
          >
                    <div
                              className="card-row-small-text"
                    >
                              CONTRIBUTION
                    </div>
                    <div
                              className="card-row-big-number"
                    >
                               $
                              43
                               
                    </div>
          </div>
          <div
                    className="donor-row"
          >
                    <div
                              className="card-row-small-text"
                    >
                              CONTRIBUTION TYPE 
                    </div>
                    <div
                              className="card-row-medium-text"
                    />
          </div>
</div>,
        false,
      ],
      "className": "contribution-card",
      "onClick": [Function],
    },
    "ref": null,
    "rendered": Array [
      Object {
        "instance": null,
        "key": undefined,
        "nodeType": "host",
        "props": Object {
          "children": Array [
            <div
              className="donor-row"
>
              <div
                            className="card-row-small-text"
              >
                            DONOR
                             
              </div>
              <div
                            className="card-row-medium-text"
              >
                            Tommy
                             
                            Pickles
              </div>
</div>,
            <div
              className="donation-money-row"
>
              <div
                            className="card-row-small-text"
              >
                            CONTRIBUTION
              </div>
              <div
                            className="card-row-big-number"
              >
                             $
                            43
                             
              </div>
</div>,
            <div
              className="donor-row"
>
              <div
                            className="card-row-small-text"
              >
                            CONTRIBUTION TYPE 
              </div>
              <div
                            className="card-row-medium-text"
              />
</div>,
          ],
          "className": "donation-side",
        },
        "ref": null,
        "rendered": Array [
          Object {
            "instance": null,
            "key": undefined,
            "nodeType": "host",
            "props": Object {
              "children": Array [
                <div
                  className="card-row-small-text"
>
                  DONOR
                   
</div>,
                <div
                  className="card-row-medium-text"
>
                  Tommy
                   
                  Pickles
</div>,
              ],
              "className": "donor-row",
            },
            "ref": null,
            "rendered": Array [
              Object {
                "instance": null,
                "key": undefined,
                "nodeType": "host",
                "props": Object {
                  "children": Array [
                    "DONOR",
                    " ",
                  ],
                  "className": "card-row-small-text",
                },
                "ref": null,
                "rendered": Array [
                  "DONOR",
                  " ",
                ],
                "type": "div",
              },
              Object {
                "instance": null,
                "key": undefined,
                "nodeType": "host",
                "props": Object {
                  "children": Array [
                    "Tommy",
                    " ",
                    "Pickles",
                  ],
                  "className": "card-row-medium-text",
                },
                "ref": null,
                "rendered": Array [
                  "Tommy",
                  " ",
                  "Pickles",
                ],
                "type": "div",
              },
            ],
            "type": "div",
          },
          Object {
            "instance": null,
            "key": undefined,
            "nodeType": "host",
            "props": Object {
              "children": Array [
                <div
                  className="card-row-small-text"
>
                  CONTRIBUTION
</div>,
                <div
                  className="card-row-big-number"
>
                   $
                  43
                   
</div>,
              ],
              "className": "donation-money-row",
            },
            "ref": null,
            "rendered": Array [
              Object {
                "instance": null,
                "key": undefined,
                "nodeType": "host",
                "props": Object {
                  "children": "CONTRIBUTION",
                  "className": "card-row-small-text",
                },
                "ref": null,
                "rendered": "CONTRIBUTION",
                "type": "div",
              },
              Object {
                "instance": null,
                "key": undefined,
                "nodeType": "host",
                "props": Object {
                  "children": Array [
                    " $",
                    "43",
                    " ",
                  ],
                  "className": "card-row-big-number",
                },
                "ref": null,
                "rendered": Array [
                  " $",
                  "43",
                  " ",
                ],
                "type": "div",
              },
            ],
            "type": "div",
          },
          Object {
            "instance": null,
            "key": undefined,
            "nodeType": "host",
            "props": Object {
              "children": Array [
                <div
                  className="card-row-small-text"
>
                  CONTRIBUTION TYPE 
</div>,
                <div
                  className="card-row-medium-text"
/>,
              ],
              "className": "donor-row",
            },
            "ref": null,
            "rendered": Array [
              Object {
                "instance": null,
                "key": undefined,
                "nodeType": "host",
                "props": Object {
                  "children": "CONTRIBUTION TYPE ",
                  "className": "card-row-small-text",
                },
                "ref": null,
                "rendered": "CONTRIBUTION TYPE ",
                "type": "div",
              },
              Object {
                "instance": null,
                "key": undefined,
                "nodeType": "host",
                "props": Object {
                  "children": undefined,
                  "className": "card-row-medium-text",
                },
                "ref": null,
                "rendered": null,
                "type": "div",
              },
            ],
            "type": "div",
          },
        ],
        "type": "div",
      },
      false,
    ],
    "type": "div",
  },
  Symbol(enzyme.__nodes__): Array [
    Object {
      "instance": null,
      "key": undefined,
      "nodeType": "host",
      "props": Object {
        "children": Array [
          <div
            className="donation-side"
>
            <div
                        className="donor-row"
            >
                        <div
                                    className="card-row-small-text"
                        >
                                    DONOR
                                     
                        </div>
                        <div
                                    className="card-row-medium-text"
                        >
                                    Tommy
                                     
                                    Pickles
                        </div>
            </div>
            <div
                        className="donation-money-row"
            >
                        <div
                                    className="card-row-small-text"
                        >
                                    CONTRIBUTION
                        </div>
                        <div
                                    className="card-row-big-number"
                        >
                                     $
                                    43
                                     
                        </div>
            </div>
            <div
                        className="donor-row"
            >
                        <div
                                    className="card-row-small-text"
                        >
                                    CONTRIBUTION TYPE 
                        </div>
                        <div
                                    className="card-row-medium-text"
                        />
            </div>
</div>,
          false,
        ],
        "className": "contribution-card",
        "onClick": [Function],
      },
      "ref": null,
      "rendered": Array [
        Object {
          "instance": null,
          "key": undefined,
          "nodeType": "host",
          "props": Object {
            "children": Array [
              <div
                className="donor-row"
>
                <div
                                className="card-row-small-text"
                >
                                DONOR
                                 
                </div>
                <div
                                className="card-row-medium-text"
                >
                                Tommy
                                 
                                Pickles
                </div>
</div>,
              <div
                className="donation-money-row"
>
                <div
                                className="card-row-small-text"
                >
                                CONTRIBUTION
                </div>
                <div
                                className="card-row-big-number"
                >
                                 $
                                43
                                 
                </div>
</div>,
              <div
                className="donor-row"
>
                <div
                                className="card-row-small-text"
                >
                                CONTRIBUTION TYPE 
                </div>
                <div
                                className="card-row-medium-text"
                />
</div>,
            ],
            "className": "donation-side",
          },
          "ref": null,
          "rendered": Array [
            Object {
              "instance": null,
              "key": undefined,
              "nodeType": "host",
              "props": Object {
                "children": Array [
                  <div
                    className="card-row-small-text"
>
                    DONOR
                     
</div>,
                  <div
                    className="card-row-medium-text"
>
                    Tommy
                     
                    Pickles
</div>,
                ],
                "className": "donor-row",
              },
              "ref": null,
              "rendered": Array [
                Object {
                  "instance": null,
                  "key": undefined,
                  "nodeType": "host",
                  "props": Object {
                    "children": Array [
                      "DONOR",
                      " ",
                    ],
                    "className": "card-row-small-text",
                  },
                  "ref": null,
                  "rendered": Array [
                    "DONOR",
                    " ",
                  ],
                  "type": "div",
                },
                Object {
                  "instance": null,
                  "key": undefined,
                  "nodeType": "host",
                  "props": Object {
                    "children": Array [
                      "Tommy",
                      " ",
                      "Pickles",
                    ],
                    "className": "card-row-medium-text",
                  },
                  "ref": null,
                  "rendered": Array [
                    "Tommy",
                    " ",
                    "Pickles",
                  ],
                  "type": "div",
                },
              ],
              "type": "div",
            },
            Object {
              "instance": null,
              "key": undefined,
              "nodeType": "host",
              "props": Object {
                "children": Array [
                  <div
                    className="card-row-small-text"
>
                    CONTRIBUTION
</div>,
                  <div
                    className="card-row-big-number"
>
                     $
                    43
                     
</div>,
                ],
                "className": "donation-money-row",
              },
              "ref": null,
              "rendered": Array [
                Object {
                  "instance": null,
                  "key": undefined,
                  "nodeType": "host",
                  "props": Object {
                    "children": "CONTRIBUTION",
                    "className": "card-row-small-text",
                  },
                  "ref": null,
                  "rendered": "CONTRIBUTION",
                  "type": "div",
                },
                Object {
                  "instance": null,
                  "key": undefined,
                  "nodeType": "host",
                  "props": Object {
                    "children": Array [
                      " $",
                      "43",
                      " ",
                    ],
                    "className": "card-row-big-number",
                  },
                  "ref": null,
                  "rendered": Array [
                    " $",
                    "43",
                    " ",
                  ],
                  "type": "div",
                },
              ],
              "type": "div",
            },
            Object {
              "instance": null,
              "key": undefined,
              "nodeType": "host",
              "props": Object {
                "children": Array [
                  <div
                    className="card-row-small-text"
>
                    CONTRIBUTION TYPE 
</div>,
                  <div
                    className="card-row-medium-text"
/>,
                ],
                "className": "donor-row",
              },
              "ref": null,
              "rendered": Array [
                Object {
                  "instance": null,
                  "key": undefined,
                  "nodeType": "host",
                  "props": Object {
                    "children": "CONTRIBUTION TYPE ",
                    "className": "card-row-small-text",
                  },
                  "ref": null,
                  "rendered": "CONTRIBUTION TYPE ",
                  "type": "div",
                },
                Object {
                  "instance": null,
                  "key": undefined,
                  "nodeType": "host",
                  "props": Object {
                    "children": undefined,
                    "className": "card-row-medium-text",
                  },
                  "ref": null,
                  "rendered": null,
                  "type": "div",
                },
              ],
              "type": "div",
            },
          ],
          "type": "div",
        },
        false,
      ],
      "type": "div",
    },
  ],
  Symbol(enzyme.__options__): Object {
    "adapter": ReactSixteenAdapter {
      "options": Object {
        "enableComponentDidUpdateOnSetState": true,
      },
    },
  },
}
`;
